2026-09-26 13:22:36,142 : INFO  : main :  : NodeLogger :  :  : #########################################################################################
2026-09-26 13:22:36,142 : INFO  : main :  : NodeLogger :  :  : #                                                                                       #
2026-09-26 13:22:36,142 : INFO  : main :  : NodeLogger :  :  : # Welcome to KNIME Analytics Platform v5.12.0.v202606180846 (Build June 15, 2026)       #
2026-09-26 13:22:36,142 : INFO  : main :  : NodeLogger :  :  : # Based on Eclipse, http://www.eclipse.org                                              #
2026-09-26 13:22:36,142 : INFO  : main :  : NodeLogger :  :  : #                                                                                       #
2026-09-26 13:22:36,142 : INFO  : main :  : NodeLogger :  :  : #########################################################################################
2026-09-26 13:22:36,142 : INFO  : main :  : NodeLogger :  :  : #                                                                                       #
2026-09-26 13:22:36,142 : INFO  : main :  : NodeLogger :  :  : # Copyright by KNIME AG, Zurich, Switzerland and others.                                #
2026-09-26 13:22:36,142 : INFO  : main :  : NodeLogger :  :  : # Website: http://www.knime.com                                                         #
2026-09-26 13:22:36,142 : INFO  : main :  : NodeLogger :  :  : # E-mail: contact@knime.com                                                             #
2026-09-26 13:22:36,142 : INFO  : main :  : NodeLogger :  :  : #                                                                                       #
2026-09-26 13:22:36,142 : INFO  : main :  : NodeLogger :  :  : #########################################################################################
2026-09-26 13:22:36,142 : INFO  : main :  : NodeLogger :  :  : # For more details see the KNIME log file:                                              #
2026-09-26 13:22:36,142 : INFO  : main :  : NodeLogger :  :  : # C:\hungthq\ISSS626-GAA\GDSA-workspace\.metadata\knime\knime.log
2026-09-26 13:22:36,142 : INFO  : main :  : NodeLogger :  :  : #---------------------------------------------------------------------------------------#
2026-09-26 13:22:36,154 : INFO  : main :  : NodeLogger :  :  : # logging date=Sat Sept 26 13:22:36 SGT 2026
2026-09-26 13:22:36,154 : INFO  : main :  : NodeLogger :  :  : # java.version=21.0.9
2026-09-26 13:22:36,154 : INFO  : main :  : NodeLogger :  :  : # java.vm.version=21.0.9+10-LTS
2026-09-26 13:22:36,154 : INFO  : main :  : NodeLogger :  :  : # java.vendor=Eclipse Adoptium
2026-09-26 13:22:36,154 : INFO  : main :  : NodeLogger :  :  : # os.name=Windows 11
2026-09-26 13:22:36,154 : INFO  : main :  : NodeLogger :  :  : # os.arch=amd64
2026-09-26 13:22:36,154 : INFO  : main :  : NodeLogger :  :  : # number of CPUs=24
2026-09-26 13:22:36,159 : INFO  : main :  : NodeLogger :  :  : # assertions=off
2026-09-26 13:22:36,166 : INFO  : main :  : NodeLogger :  :  : # host=HUNGTHAI
2026-09-26 13:22:36,172 : INFO  : main :  : NodeLogger :  :  : # username=Hungthq
2026-09-26 13:22:36,172 : INFO  : main :  : NodeLogger :  :  : # max mem=15936MB
2026-09-26 13:22:36,172 : INFO  : main :  : NodeLogger :  :  : # application=org.knime.product.KNIME_APPLICATION
2026-09-26 13:22:36,176 : INFO  : main :  : NodeLogger :  :  : # KNID=11-8b65208bcd736c5d-01-95349d65cd61211e
2026-09-26 13:22:36,176 : INFO  : main :  : NodeLogger :  :  : #########################################################################################
2026-09-26 13:22:35,554 : INFO  : main :  : RegisterBouncyCastleProvider :  :  : Added BouncyCastleProvider to Java Security providers
2026-09-26 13:22:36,045 : INFO  : main :  : EarlyStartupCondaEnvironmentInstallation :  :  : Starting conda environment initialization during early startup
2026-09-26 13:22:36,076 : INFO  : main :  : EarlyStartupCondaEnvironmentInstallation :  :  : Conda environment initialization completed successfully
2026-09-26 13:22:37,441 : INFO  : ForkJoinPool.commonPool-worker-3 :  : PythonExtensionParser :  :  : Trying to load cached extension 'sdl.harvard.geospatial_2.1.0.202606301049' from C:\Users\Hungthq\AppData\Local\Programs\KNIME\configuration\sdl.harvard.geospatial
2026-09-26 13:22:37,796 : INFO  : KNIME-Worker-0 :  : PythonExtensionParser :  :  : Trying to load cached extension 'sdl.harvard.geospatial_2.1.0.202606301049' from C:\Users\Hungthq\AppData\Local\Programs\KNIME\configuration\sdl.harvard.geospatial
2026-09-26 13:22:41,257 : INFO  : main :  : StringHistory :  :  : History file 'C:\hungthq\ISSS626-GAA\GDSA-workspace\.metadata\knime\history_database_drivers.txt' does not exist.
2026-09-26 13:22:41,257 : INFO  : main :  : StringHistory :  :  : History file 'C:\hungthq\ISSS626-GAA\GDSA-workspace\.metadata\knime\history_database_urls.txt' does not exist.
2026-09-26 13:22:43,099 : INFO  : Node Repository Initializer :  : StringHistory :  :  : History file 'C:\hungthq\ISSS626-GAA\GDSA-workspace\.metadata\knime\history_string2date-formats.txt' does not exist.
2026-09-26 13:22:43,106 : INFO  : Node Repository Initializer :  : MovingAggregationNodeFactory :  :  : Modern dialog for Moving Aggregator node can be enabled via system property "org.knime.base.node.preproc.groupby.dialog". Note: This property will be removed in a future version.

2026-09-26 13:22:44,999 : INFO  : main :  : ProcessWatchdog :  :  : KNIME Process Watchdog memory limit not configured
2026-09-26 13:22:44,999 : INFO  : main :  : ProcessWatchdog :  :  : External process memory watchdog is disabled, because the memory limit is set to -1
2026-09-26 13:22:45,813 : INFO  : main :  : StringHistory :  :  : History file 'C:\hungthq\ISSS626-GAA\GDSA-workspace\.metadata\knime\history_org.knime.kerberos.name.txt' does not exist.
2026-09-26 13:22:45,944 : INFO  : Node Repository Initializer :  : StringHistory :  :  : History file 'C:\hungthq\ISSS626-GAA\GDSA-workspace\.metadata\knime\history_createFileNameHistoryKey.txt' does not exist.
2026-09-26 13:22:46,180 : INFO  : Node Repository Initializer :  : ColumnAggregatorNodeFactory :  :  : Modern dialog for Column Aggregator node can be enabled via system property "org.knime.base.node.preproc.groupby.dialog". Note: This property will be removed in a future version.

2026-09-26 13:22:46,477 : INFO  : Node Repository Initializer :  : GroupByNodeFactory :  :  : Modern dialog for GroupBy node can be enabled via system property "org.knime.base.node.preproc.groupby.dialog". Note: This property will be removed in a future version.

2026-09-26 13:22:46,664 : INFO  : Thread-163 :  : KnimeBrowserView :  :  : %cinfo%c Injecting global logger 
      background: #00BCD4;
      border-radius: 0.5em;
      color: white;
      font-weight: bold;
      padding: 2px 0.5em;
      (source: https://org.knime.ui.java/editor/assets/editor-CIijjzSo.js; line: 55)
2026-09-26 13:22:46,787 : INFO  : Node Repository Initializer :  : Pivot2NodeFactory :  :  : Modern dialog for Pivot node can be enabled via system property "org.knime.base.node.preproc.groupby.dialog". Note: This property will be removed in a future version.

2026-09-26 13:22:47,275 : ERROR : Thread-781 :  : KnimeBrowserView :  :  : Problem loading UI resources at 'https://org.knime.ui.java/videos/5-4-Explain-Workflow.webm'. See log for details.
java.lang.NullPointerException: Cannot invoke "java.net.URL.openStream()" because the return value of "org.eclipse.core.runtime.FileLocator.toFileURL(java.net.URL)" is null
	at org.knime.ui.java.browser.lifecycle.Create.lambda$4(Create.java:187)
	at org.knime.js.cef.middleware.CEFMiddlewareService.lambda$1(CEFMiddlewareService.java:180)
	at com.equo.middleware.ee.provider.handler.DelegatingSchemeHandler.getResponseData(DelegatingSchemeHandler.java:61)
	at com.equo.chromium.swt.internal.spi.DelegatingCefResourceHandler.getResponseHeaders(DelegatingCefResourceHandler.java:57)
2026-09-26 13:22:49,261 : INFO  : Node Repository Initializer :  : DBDriverRegistry :  :  : Could not find any driver for DBType: DBType(id=mssqlserver, name=Microsoft SQL Server, description=null)
2026-09-26 13:22:49,263 : INFO  : Node Repository Initializer :  : DBDriverRegistry :  :  : Could not find any driver for DBType: DBType(id=mssqlserver, name=Microsoft SQL Server, description=null)
2026-09-26 13:22:49,300 : INFO  : Node Repository Initializer :  : DBDriverRegistry :  :  : Could not find any driver for DBType: DBType(id=mssqlserver, name=Microsoft SQL Server, description=null)
2026-09-26 13:22:49,784 : INFO  : Node Repository Initializer :  : DBDriverRegistry :  :  : Could not find any driver for DBType: DBType(id=vertica, name=Vertica, description=Vertica Analytics Platform)
2026-09-26 13:22:49,790 : INFO  : Node Repository Initializer :  : DBDriverRegistry :  :  : Could not find any driver for DBType: DBType(id=vertica, name=Vertica, description=Vertica Analytics Platform)
2026-09-26 13:22:49,790 : INFO  : Node Repository Initializer :  : DBDriverRegistry :  :  : Could not find any driver for DBType: DBType(id=vertica, name=Vertica, description=Vertica Analytics Platform)
2026-09-26 13:22:49,803 : INFO  : Node Repository Initializer :  : DBDriverRegistry :  :  : Could not find any driver for DBType: DBType(id=oracle, name=Oracle, description=null)
2026-09-26 13:22:49,803 : INFO  : Node Repository Initializer :  : DBDriverRegistry :  :  : Could not find any driver for DBType: DBType(id=oracle, name=Oracle, description=null)
2026-09-26 13:22:49,809 : INFO  : Node Repository Initializer :  : DBDriverRegistry :  :  : Could not find any driver for DBType: DBType(id=oracle, name=Oracle, description=null)
2026-09-26 13:23:04,452 : ERROR : Thread-1252 :  : KnimeBrowserView :  :  : %cerror%c Unhandled rejection:: 
      background: #c0392b;
      border-radius: 0.5em;
      color: white;
      font-weight: bold;
      padding: 2px 0.5em;
      [object PromiseRejectionEvent] (source: https://org.knime.ui.java/editor/assets/editor-CIijjzSo.js; line: 55)
2026-09-26 13:23:04,452 : ERROR : Thread-1254 :  : KnimeBrowserView :  :  : Uncaught (in promise) AbortError: The play() request was interrupted because the media was removed from the document. https://goo.gl/LdLk22 (source: https://org.knime.ui.java/editor/index.html#/get-started; line: 0)
2026-09-26 13:24:13,611 : INFO  : ModalContext :  : LoadWorkflowRunnable :  :  : New workflow created.
2026-09-26 13:27:01,317 : ERROR : main :  : SaveProjectCopy :  :  : No destion was picked
2026-09-26 13:27:01,317 : ERROR : main :  : SaveProjectCopy :  :  : No valid destination could be picked
2026-09-26 13:27:14,360 : ERROR : main :  : SaveProjectCopy :  :  : No destion was picked
2026-09-26 13:27:14,366 : ERROR : main :  : SaveProjectCopy :  :  : No valid destination could be picked
2026-09-26 13:27:20,156 : INFO  : comm-pool-thread-5 :  : NodeRecommendationManager :  :  : Loading node recommendations from <org.knime.core.ui.workflowcoach.data.PrefsTripleProvider>
2026-09-26 13:27:20,156 : INFO  : comm-pool-thread-5 :  : NodeRecommendationManager :  :  : Loading node recommendations from <org.knime.workbench.workflowcoach.data.CommunityTripleProvider>
2026-09-26 13:27:20,312 : INFO  : comm-pool-thread-5 :  : NodeRecommendationManager :  :  : Loading node recommendations from <org.knime.workbench.workflowcoach.local.data.WorkspaceTripleProvider>
2026-09-26 13:27:20,312 : INFO  : comm-pool-thread-5 :  : NodeRecommendationManager :  :  : Successfully (re-)loaded all node recommendations available
2026-09-26 13:28:34,289 : INFO  : Framework stop - Equinox Container: 7c6c1f1f-4166-4cdb-8f6e-6237b4b59640 :  : DefaultPythonGateway :  :  : Closing PythonGateway (PID=43628) from thread 'Framework stop - Equinox Container: 7c6c1f1f-4166-4cdb-8f6e-6237b4b59640'
2026-09-26 13:28:34,722 : INFO  : python-gateway-closer-0 :  : DefaultPythonGateway :  :  : Closing PythonGateway (PID=45780) from thread 'python-gateway-closer-0'
2026-09-26 13:28:35,258 : INFO  : KNIME shutdown hooks - org.knime.core.util.FileUtil$$Lambda/0x000001f7292fd5e0 :  : FileUtil :  :  : Deleting 1 temporary files.
2026-09-26 13:28:47,920 : INFO  : main :  : NodeLogger :  :  : #########################################################################################
2026-09-26 13:28:47,926 : INFO  : main :  : NodeLogger :  :  : #                                                                                       #
2026-09-26 13:28:47,926 : INFO  : main :  : NodeLogger :  :  : # Welcome to KNIME Analytics Platform v5.12.0.v202606180846 (Build June 15, 2026)       #
2026-09-26 13:28:47,926 : INFO  : main :  : NodeLogger :  :  : # Based on Eclipse, http://www.eclipse.org                                              #
2026-09-26 13:28:47,926 : INFO  : main :  : NodeLogger :  :  : #                                                                                       #
2026-09-26 13:28:47,926 : INFO  : main :  : NodeLogger :  :  : #########################################################################################
2026-09-26 13:28:47,926 : INFO  : main :  : NodeLogger :  :  : #                                                                                       #
2026-09-26 13:28:47,926 : INFO  : main :  : NodeLogger :  :  : # Copyright by KNIME AG, Zurich, Switzerland and others.                                #
2026-09-26 13:28:47,926 : INFO  : main :  : NodeLogger :  :  : # Website: http://www.knime.com                                                         #
2026-09-26 13:28:47,926 : INFO  : main :  : NodeLogger :  :  : # E-mail: contact@knime.com                                                             #
2026-09-26 13:28:47,926 : INFO  : main :  : NodeLogger :  :  : #                                                                                       #
2026-09-26 13:28:47,926 : INFO  : main :  : NodeLogger :  :  : #########################################################################################
2026-09-26 13:28:47,926 : INFO  : main :  : NodeLogger :  :  : # For more details see the KNIME log file:                                              #
2026-09-26 13:28:47,926 : INFO  : main :  : NodeLogger :  :  : # C:\hungthq\ISSS626-GAA\GDSA-workspace\.metadata\knime\knime.log
2026-09-26 13:28:47,926 : INFO  : main :  : NodeLogger :  :  : #---------------------------------------------------------------------------------------#
2026-09-26 13:28:47,935 : INFO  : main :  : NodeLogger :  :  : # logging date=Sat Sept 26 13:28:47 SGT 2026
2026-09-26 13:28:47,935 : INFO  : main :  : NodeLogger :  :  : # java.version=21.0.9
2026-09-26 13:28:47,935 : INFO  : main :  : NodeLogger :  :  : # java.vm.version=21.0.9+10-LTS
2026-09-26 13:28:47,935 : INFO  : main :  : NodeLogger :  :  : # java.vendor=Eclipse Adoptium
2026-09-26 13:28:47,935 : INFO  : main :  : NodeLogger :  :  : # os.name=Windows 11
2026-09-26 13:28:47,935 : INFO  : main :  : NodeLogger :  :  : # os.arch=amd64
2026-09-26 13:28:47,935 : INFO  : main :  : NodeLogger :  :  : # number of CPUs=24
2026-09-26 13:28:47,935 : INFO  : main :  : NodeLogger :  :  : # assertions=off
2026-09-26 13:28:47,944 : INFO  : main :  : NodeLogger :  :  : # host=HUNGTHAI
2026-09-26 13:28:47,950 : INFO  : main :  : NodeLogger :  :  : # username=Hungthq
2026-09-26 13:28:47,950 : INFO  : main :  : NodeLogger :  :  : # max mem=15936MB
2026-09-26 13:28:47,950 : INFO  : main :  : NodeLogger :  :  : # application=org.knime.product.KNIME_APPLICATION
2026-09-26 13:28:47,950 : INFO  : main :  : NodeLogger :  :  : # KNID=11-8b65208bcd736c5d-01-95349d65cd61211e
2026-09-26 13:28:47,950 : INFO  : main :  : NodeLogger :  :  : #########################################################################################
2026-09-26 13:28:47,423 : INFO  : main :  : RegisterBouncyCastleProvider :  :  : Added BouncyCastleProvider to Java Security providers
2026-09-26 13:28:47,838 : INFO  : main :  : EarlyStartupCondaEnvironmentInstallation :  :  : Starting conda environment initialization during early startup
2026-09-26 13:28:47,871 : INFO  : main :  : EarlyStartupCondaEnvironmentInstallation :  :  : Conda environment initialization completed successfully
2026-09-26 13:28:49,062 : INFO  : ForkJoinPool.commonPool-worker-3 :  : PythonExtensionParser :  :  : Trying to load cached extension 'sdl.harvard.geospatial_2.1.0.202606301049' from C:\Users\Hungthq\AppData\Local\Programs\KNIME\configuration\sdl.harvard.geospatial
2026-09-26 13:28:49,398 : INFO  : KNIME-Worker-0 :  : PythonExtensionParser :  :  : Trying to load cached extension 'sdl.harvard.geospatial_2.1.0.202606301049' from C:\Users\Hungthq\AppData\Local\Programs\KNIME\configuration\sdl.harvard.geospatial
2026-09-26 13:28:52,407 : INFO  : main :  : StringHistory :  :  : History file 'C:\hungthq\ISSS626-GAA\GDSA-workspace\.metadata\knime\history_database_drivers.txt' does not exist.
2026-09-26 13:28:52,407 : INFO  : main :  : StringHistory :  :  : History file 'C:\hungthq\ISSS626-GAA\GDSA-workspace\.metadata\knime\history_database_urls.txt' does not exist.
2026-09-26 13:28:54,048 : INFO  : Node Repository Initializer :  : StringHistory :  :  : History file 'C:\hungthq\ISSS626-GAA\GDSA-workspace\.metadata\knime\history_string2date-formats.txt' does not exist.
2026-09-26 13:28:54,071 : INFO  : Node Repository Initializer :  : MovingAggregationNodeFactory :  :  : Modern dialog for Moving Aggregator node can be enabled via system property "org.knime.base.node.preproc.groupby.dialog". Note: This property will be removed in a future version.

2026-09-26 13:28:54,968 : INFO  : main :  : ProcessWatchdog :  :  : KNIME Process Watchdog memory limit not configured
2026-09-26 13:28:54,968 : INFO  : main :  : ProcessWatchdog :  :  : External process memory watchdog is disabled, because the memory limit is set to -1
2026-09-26 13:28:55,774 : INFO  : main :  : StringHistory :  :  : History file 'C:\hungthq\ISSS626-GAA\GDSA-workspace\.metadata\knime\history_org.knime.kerberos.name.txt' does not exist.
2026-09-26 13:28:56,294 : INFO  : Thread-168 :  : KnimeBrowserView :  :  : %cinfo%c Injecting global logger 
      background: #00BCD4;
      border-radius: 0.5em;
      color: white;
      font-weight: bold;
      padding: 2px 0.5em;
      (source: https://org.knime.ui.java/editor/assets/editor-CIijjzSo.js; line: 55)
2026-09-26 13:28:56,644 : INFO  : Node Repository Initializer :  : ColumnAggregatorNodeFactory :  :  : Modern dialog for Column Aggregator node can be enabled via system property "org.knime.base.node.preproc.groupby.dialog". Note: This property will be removed in a future version.

2026-09-26 13:28:56,791 : INFO  : Node Repository Initializer :  : Pivot2NodeFactory :  :  : Modern dialog for Pivot node can be enabled via system property "org.knime.base.node.preproc.groupby.dialog". Note: This property will be removed in a future version.

2026-09-26 13:28:57,345 : INFO  : Node Repository Initializer :  : StringHistory :  :  : History file 'C:\hungthq\ISSS626-GAA\GDSA-workspace\.metadata\knime\history_createFileNameHistoryKey.txt' does not exist.
2026-09-26 13:28:58,262 : INFO  : Node Repository Initializer :  : GroupByNodeFactory :  :  : Modern dialog for GroupBy node can be enabled via system property "org.knime.base.node.preproc.groupby.dialog". Note: This property will be removed in a future version.

2026-09-26 13:29:00,147 : INFO  : Node Repository Initializer :  : DBDriverRegistry :  :  : Could not find any driver for DBType: DBType(id=mssqlserver, name=Microsoft SQL Server, description=null)
2026-09-26 13:29:00,147 : INFO  : Node Repository Initializer :  : DBDriverRegistry :  :  : Could not find any driver for DBType: DBType(id=mssqlserver, name=Microsoft SQL Server, description=null)
2026-09-26 13:29:00,176 : INFO  : Node Repository Initializer :  : DBDriverRegistry :  :  : Could not find any driver for DBType: DBType(id=mssqlserver, name=Microsoft SQL Server, description=null)
2026-09-26 13:29:00,360 : INFO  : Node Repository Initializer :  : DBDriverRegistry :  :  : Could not find any driver for DBType: DBType(id=vertica, name=Vertica, description=Vertica Analytics Platform)
2026-09-26 13:29:00,367 : INFO  : Node Repository Initializer :  : DBDriverRegistry :  :  : Could not find any driver for DBType: DBType(id=vertica, name=Vertica, description=Vertica Analytics Platform)
2026-09-26 13:29:00,367 : INFO  : Node Repository Initializer :  : DBDriverRegistry :  :  : Could not find any driver for DBType: DBType(id=vertica, name=Vertica, description=Vertica Analytics Platform)
2026-09-26 13:29:00,370 : INFO  : Node Repository Initializer :  : DBDriverRegistry :  :  : Could not find any driver for DBType: DBType(id=oracle, name=Oracle, description=null)
2026-09-26 13:29:00,375 : INFO  : Node Repository Initializer :  : DBDriverRegistry :  :  : Could not find any driver for DBType: DBType(id=oracle, name=Oracle, description=null)
2026-09-26 13:29:00,375 : INFO  : Node Repository Initializer :  : DBDriverRegistry :  :  : Could not find any driver for DBType: DBType(id=oracle, name=Oracle, description=null)
2026-09-26 13:30:06,892 : INFO  : Framework stop - Equinox Container: 08faca4c-95c6-4b9c-b1e9-1b5ec014862d :  : DefaultPythonGateway :  :  : Closing PythonGateway (PID=60740) from thread 'Framework stop - Equinox Container: 08faca4c-95c6-4b9c-b1e9-1b5ec014862d'
2026-09-26 13:30:07,388 : INFO  : python-gateway-closer-0 :  : DefaultPythonGateway :  :  : Closing PythonGateway (PID=53500) from thread 'python-gateway-closer-0'
2026-09-26 13:30:07,994 : INFO  : KNIME shutdown hooks - org.knime.core.util.FileUtil$$Lambda/0x000001b2dc2fd5e0 :  : FileUtil :  :  : Deleting 1 temporary files.
